"Multi-parameter method calls with index access"
using System.Collections.Generic;

class C
{
    void M(List<string> lines, string text, bool[] isCode, bool[] isCodeLine)
    {
        bool result =
            IsContinuationIndicator(
                lines[i - 1],
                lineStarts[i - 1],
                text,
                isCode
            );

        AnotherMethod(
            lineStarts[i],
            someOtherParam,
            thirdParam,
            fourthParam,
            fifthParam,
            sixthParam,
            seventhParam
        );
    }
}
