"""Mixed import block: stdlib, third-party, local; combined imports; comments."""

from collections import OrderedDict, defaultdict
import json
import os
import sys

import numpy as np
import pandas
import requests

from myproject.utils import helper

# Standard library

# Third-party

def main():
    return helper()
