"""Mixed import block: stdlib, third-party, local; combined imports; comments."""
import json
import os
import sys
from collections import OrderedDict, defaultdict
from pathlib import Path

import numpy as np
import pandas
import requests

from myproject.utils import helper


# Standard library


# Third-party


def main():
    return helper()
